å‘½ä»¤ç¨¿å•Ÿå‹•æ–¼ 2018å¹´03æœˆ13æ—¥ ä¸‹åˆ 11:57:55
]0;~
[32muser@DESKTOP-DK0FOHR [33m~[0m
$ whoami; pwd
user
/home/user
]0;~
[32muser@DESKTOP-DK0FOHR [33m~[0m
$ git config -l
user.name=Hermit3310
user.email=sy2es93191@gmail.com
]0;~
[32muser@DESKTOP-DK0FOHR [33m~[0m
$ git clone https://github.com/<your github account>/lab1.git [K[K[K[Kgit
bash: your: No such file or directory
]0;~
[32muser@DESKTOP-DK0FOHR [33m~[0m
$ git clone https://github.com/<your github account>/lab1.git [K[K[K[K[K[K[K[K[K[K[K[K[K[K[K[K[K[K[K[K[K[K[K[K[K[K[K[K[K[K[KHermit3310/lab1.git
fatal: destination path 'lab1' already exists and is not an empty directory.
]0;~
[32muser@DESKTOP-DK0FOHR [33m~[0m
$ git clone https://github.com/Hermit3310/lab1
fatal: destination path 'lab1' already exists and is not an empty directory.
]0;~
[32muser@DESKTOP-DK0FOHR [33m~[0m
$ exit

å‘½ä»¤ç¨¿å·²æ–¼ 2018å¹´03æœˆ14æ—¥ ä¸Šåˆ 12:01:51
 å®Œæˆ